Copyright 1986-2019 Xilinx, Inc. All Rights Reserved.
------------------------------------------------------------------------------------
| Tool Version : Vivado v.2019.2 (lin64) Build 2708876 Wed Nov  6 21:39:14 MST 2019
| Date         : Wed Apr 12 19:02:10 2023
| Host         : seankent running 64-bit Ubuntu 22.04.2 LTS
| Command      : report_control_sets -verbose -file top_control_sets_placed.rpt
| Design       : top
| Device       : xc7a100t
------------------------------------------------------------------------------------

Control Set Information

Table of Contents
-----------------
1. Summary
2. Histogram
3. Flip-Flop Distribution
4. Detailed Control Set Information

1. Summary
----------

+----------------------------------------------------------+-------+
|                          Status                          | Count |
+----------------------------------------------------------+-------+
| Total control sets                                       |    63 |
|    Minimum number of control sets                        |    63 |
|    Addition due to synthesis replication                 |     0 |
|    Addition due to physical synthesis replication        |     0 |
| Unused register locations in slices containing registers |    19 |
+----------------------------------------------------------+-------+
* Control sets can be merged at opt_design using control_set_merge or merge_equivalent_drivers
** Run report_qor_suggestions for automated merging and remapping suggestions


2. Histogram
------------

+--------------------+-------+
|       Fanout       | Count |
+--------------------+-------+
| Total control sets |    63 |
| >= 0 to < 4        |     1 |
| >= 4 to < 6        |     1 |
| >= 6 to < 8        |     1 |
| >= 8 to < 10       |    16 |
| >= 10 to < 12      |     0 |
| >= 12 to < 14      |     0 |
| >= 14 to < 16      |     0 |
| >= 16              |    44 |
+--------------------+-------+
* Control sets can be remapped at either synth_design or opt_design


3. Flip-Flop Distribution
-------------------------

+--------------+-----------------------+------------------------+-----------------+--------------+
| Clock Enable | Synchronous Set/Reset | Asynchronous Set/Reset | Total Registers | Total Slices |
+--------------+-----------------------+------------------------+-----------------+--------------+
| No           | No                    | No                     |             385 |          173 |
| No           | No                    | Yes                    |               0 |            0 |
| No           | Yes                   | No                     |             286 |          122 |
| Yes          | No                    | No                     |            2048 |          597 |
| Yes          | No                    | Yes                    |               0 |            0 |
| Yes          | Yes                   | No                     |             446 |          222 |
+--------------+-----------------------+------------------------+-----------------+--------------+


4. Detailed Control Set Information
-----------------------------------

+---------------------------------------------------------+---------------------------------------------------------------------+---------------------------------------------------------------------------------------------------+------------------+----------------+
|                       Clock Signal                      |                            Enable Signal                            |                                          Set/Reset Signal                                         | Slice Load Count | Bel Load Count |
+---------------------------------------------------------+---------------------------------------------------------------------+---------------------------------------------------------------------------------------------------+------------------+----------------+
|  jay__0/memory_controller__0/d_flip_flop__state/E[0]    |                                                                     |                                                                                                   |                1 |              3 |
|  jay__0/central_processing_unit__0/q[31]_i_3__2[0]      |                                                                     |                                                                                                   |                1 |              4 |
|  jay__0/central_processing_unit__0/d_flip_flop__ir/E[0] |                                                                     |                                                                                                   |                4 |              6 |
|  clk_100mhz_IBUF_BUFG                                   | jay__0/central_processing_unit__0/d_flip_flop__state/en__data__0    |                                                                                                   |                5 |              8 |
|  clk_100mhz_IBUF_BUFG                                   | jay__0/central_processing_unit__0/d_flip_flop__state/en__oe__0      | btnc_IBUF                                                                                         |                6 |              8 |
|  clk_100mhz_IBUF_BUFG                                   | jay__0/memory_controller__0/d_flip_flop__state/ena                  | jay__0/central_processing_unit__0/d_flip_flop__ir/q[6]_i_6__1_psbram_and_n                        |                6 |              8 |
|  clk_100mhz_IBUF_BUFG                                   | jay__0/memory_controller__0/d_flip_flop__state/ena                  | jay__0/central_processing_unit__0/register_file__0/d_flip_flop__x__31/q[22]_i_5__0_psbram_and_n   |                7 |              8 |
|  clk_100mhz_IBUF_BUFG                                   | jay__0/memory_controller__0/d_flip_flop__state/ena                  | jay__0/central_processing_unit__0/d_flip_flop__ir/q[14]_i_8__0_psbram_and_n                       |                5 |              8 |
|  clk_100mhz_IBUF_BUFG                                   | jay__0/memory_controller__0/d_flip_flop__state/ena                  | jay__0/central_processing_unit__0/register_file__0/d_flip_flop__x__31/q[22]_i_5__0_psbram_and_n_2 |                5 |              8 |
|  clk_100mhz_IBUF_BUFG                                   | jay__0/memory_controller__0/d_flip_flop__state/ena                  | jay__0/central_processing_unit__0/d_flip_flop__ir/q[14]_i_8__0_psbram_and_n_2                     |                4 |              8 |
|  clk_100mhz_IBUF_BUFG                                   | jay__0/memory_controller__0/d_flip_flop__state/ena                  | jay__0/central_processing_unit__0/register_file__0/d_flip_flop__x__31/q[22]_i_5__0_psbram_and_n_1 |                4 |              8 |
|  clk_100mhz_IBUF_BUFG                                   | jay__0/memory_controller__0/d_flip_flop__state/ena                  | jay__0/central_processing_unit__0/d_flip_flop__ir/q[14]_i_8__0_psbram_and_n_1                     |                7 |              8 |
|  clk_100mhz_IBUF_BUFG                                   | jay__0/memory_controller__0/d_flip_flop__state/ena                  | jay__0/central_processing_unit__0/d_flip_flop__ir/q[14]_i_8__0_psbram_and_n_3                     |                6 |              8 |
|  clk_100mhz_IBUF_BUFG                                   | jay__0/central_processing_unit__0/d_flip_flop__state/q_reg[7]_10[0] | btnc_IBUF                                                                                         |                6 |              8 |
|  clk_100mhz_IBUF_BUFG                                   | jay__0/central_processing_unit__0/d_flip_flop__state/q_reg[7]_8[0]  | btnc_IBUF                                                                                         |                6 |              8 |
|  clk_100mhz_IBUF_BUFG                                   | jay__0/central_processing_unit__0/d_flip_flop__state/q_reg[7]_9[0]  | btnc_IBUF                                                                                         |                4 |              8 |
|  clk_100mhz_IBUF_BUFG                                   | jay__0/central_processing_unit__0/d_flip_flop__state/en__data__1    |                                                                                                   |                4 |              8 |
|  clk_100mhz_IBUF_BUFG                                   | jay__0/central_processing_unit__0/d_flip_flop__state/en__data__3    |                                                                                                   |                6 |              8 |
|  clk_100mhz_IBUF_BUFG                                   | jay__0/central_processing_unit__0/d_flip_flop__state/en__data__2    |                                                                                                   |                5 |              8 |
|  clk_100mhz_IBUF_BUFG                                   | jay__0/central_processing_unit__0/d_flip_flop__state/q_reg[7]_12[0] | btnc_IBUF                                                                                         |               18 |             32 |
|  clk_100mhz_IBUF_BUFG                                   | jay__0/central_processing_unit__0/d_flip_flop__state/q_reg[7]_6     |                                                                                                   |               23 |             32 |
|  cs                                                     |                                                                     |                                                                                                   |               18 |             38 |
|  clk_100mhz_IBUF_BUFG                                   | jay__0/central_processing_unit__0/d_flip_flop__state/q_reg[7]_2[0]  | btnc_IBUF                                                                                         |               32 |             62 |
|  n_0_1069_BUFG                                          |                                                                     |                                                                                                   |               44 |             64 |
|  clk_100mhz_IBUF_BUFG                                   | jay__0/central_processing_unit__0/d_flip_flop__state/en__x__16      |                                                                                                   |               16 |             64 |
|  clk_100mhz_IBUF_BUFG                                   | jay__0/central_processing_unit__0/d_flip_flop__state/en__x__18      |                                                                                                   |               13 |             64 |
|  clk_100mhz_IBUF_BUFG                                   | jay__0/central_processing_unit__0/d_flip_flop__state/en__x__10      |                                                                                                   |               16 |             64 |
|  clk_100mhz_IBUF_BUFG                                   | jay__0/central_processing_unit__0/d_flip_flop__state/en__x__20      |                                                                                                   |               14 |             64 |
|  clk_100mhz_IBUF_BUFG                                   | jay__0/central_processing_unit__0/d_flip_flop__state/en__x__8       |                                                                                                   |               21 |             64 |
|  n_2_3884_BUFG                                          |                                                                     |                                                                                                   |               23 |             64 |
|  n_1_3034_BUFG                                          |                                                                     |                                                                                                   |               25 |             64 |
|  clk_100mhz_IBUF_BUFG                                   | jay__0/central_processing_unit__0/d_flip_flop__state/q_reg[7]_7[0]  | btnc_IBUF                                                                                         |               15 |             64 |
|  clk_100mhz_IBUF_BUFG                                   | jay__0/central_processing_unit__0/d_flip_flop__state/E[0]           | btnc_IBUF                                                                                         |               32 |             64 |
|  clk_100mhz_IBUF_BUFG                                   | jay__0/central_processing_unit__0/d_flip_flop__state/q_reg[7]_3[0]  | btnc_IBUF                                                                                         |               29 |             64 |
|  clk_100mhz_IBUF_BUFG                                   | jay__0/central_processing_unit__0/d_flip_flop__state/q_reg[7]_4[0]  | btnc_IBUF                                                                                         |               30 |             64 |
|  clk_100mhz_IBUF_BUFG                                   | jay__0/central_processing_unit__0/d_flip_flop__state/en__x__12      |                                                                                                   |               20 |             64 |
|  clk_100mhz_IBUF_BUFG                                   | jay__0/central_processing_unit__0/d_flip_flop__state/en__x__1       |                                                                                                   |               17 |             64 |
|  clk_100mhz_IBUF_BUFG                                   | jay__0/central_processing_unit__0/d_flip_flop__state/en__x__11      |                                                                                                   |               16 |             64 |
|  clk_100mhz_IBUF_BUFG                                   | jay__0/central_processing_unit__0/d_flip_flop__state/en__x__13      |                                                                                                   |               16 |             64 |
|  clk_100mhz_IBUF_BUFG                                   | jay__0/central_processing_unit__0/d_flip_flop__state/en__x__15      |                                                                                                   |               17 |             64 |
|  clk_100mhz_IBUF_BUFG                                   | jay__0/central_processing_unit__0/d_flip_flop__state/en__x__17      |                                                                                                   |               17 |             64 |
|  clk_100mhz_IBUF_BUFG                                   | jay__0/central_processing_unit__0/d_flip_flop__state/en__x__19      |                                                                                                   |               15 |             64 |
|  clk_100mhz_IBUF_BUFG                                   | jay__0/central_processing_unit__0/d_flip_flop__state/en__x__2       |                                                                                                   |               14 |             64 |
|  clk_100mhz_IBUF_BUFG                                   | jay__0/central_processing_unit__0/d_flip_flop__state/en__x__21      |                                                                                                   |               20 |             64 |
|  clk_100mhz_IBUF_BUFG                                   | jay__0/central_processing_unit__0/d_flip_flop__state/en__x__22      |                                                                                                   |               16 |             64 |
|  clk_100mhz_IBUF_BUFG                                   | jay__0/central_processing_unit__0/d_flip_flop__state/en__x__23      |                                                                                                   |               23 |             64 |
|  clk_100mhz_IBUF_BUFG                                   | jay__0/central_processing_unit__0/d_flip_flop__state/en__x__24      |                                                                                                   |               14 |             64 |
|  clk_100mhz_IBUF_BUFG                                   | jay__0/central_processing_unit__0/d_flip_flop__state/en__x__25      |                                                                                                   |               15 |             64 |
|  clk_100mhz_IBUF_BUFG                                   | jay__0/central_processing_unit__0/d_flip_flop__state/en__x__26      |                                                                                                   |               14 |             64 |
|  clk_100mhz_IBUF_BUFG                                   | jay__0/central_processing_unit__0/d_flip_flop__state/en__x__27      |                                                                                                   |               17 |             64 |
|  clk_100mhz_IBUF_BUFG                                   | jay__0/central_processing_unit__0/d_flip_flop__state/en__x__28      |                                                                                                   |               15 |             64 |
|  clk_100mhz_IBUF_BUFG                                   | jay__0/central_processing_unit__0/d_flip_flop__state/en__x__29      |                                                                                                   |               16 |             64 |
|  clk_100mhz_IBUF_BUFG                                   | jay__0/central_processing_unit__0/d_flip_flop__state/en__x__3       |                                                                                                   |               15 |             64 |
|  clk_100mhz_IBUF_BUFG                                   | jay__0/central_processing_unit__0/d_flip_flop__state/en__x__30      |                                                                                                   |               18 |             64 |
|  clk_100mhz_IBUF_BUFG                                   | jay__0/central_processing_unit__0/d_flip_flop__state/en__x__31      |                                                                                                   |               26 |             64 |
|  clk_100mhz_IBUF_BUFG                                   | jay__0/central_processing_unit__0/d_flip_flop__state/en__x__4       |                                                                                                   |               22 |             64 |
|  clk_100mhz_IBUF_BUFG                                   | jay__0/central_processing_unit__0/d_flip_flop__state/en__x__5       |                                                                                                   |               20 |             64 |
|  clk_100mhz_IBUF_BUFG                                   | jay__0/central_processing_unit__0/d_flip_flop__state/en__x__6       |                                                                                                   |               18 |             64 |
|  clk_100mhz_IBUF_BUFG                                   | jay__0/central_processing_unit__0/d_flip_flop__state/en__x__7       |                                                                                                   |               30 |             64 |
|  clk_100mhz_IBUF_BUFG                                   | jay__0/central_processing_unit__0/d_flip_flop__state/en__x__9       |                                                                                                   |               27 |             64 |
|  clk_100mhz_IBUF_BUFG                                   | jay__0/central_processing_unit__0/d_flip_flop__state/en__x__14      |                                                                                                   |               16 |             64 |
|  clk_100mhz_IBUF_BUFG                                   |                                                                     |                                                                                                   |               57 |            142 |
|  clk_100mhz_IBUF_BUFG                                   |                                                                     | btnc_IBUF                                                                                         |              122 |            286 |
+---------------------------------------------------------+---------------------------------------------------------------------+---------------------------------------------------------------------------------------------------+------------------+----------------+


